---
source: crates/core/src/models/data/submodels/month_half.rs
expression: "Sut::sample()"
---
first-half
