---
source: crates/core/src/models/decimal.rs
expression: "Sut::EIGHT"
---
8
